AR rs_232_rx_shifter behavioral "C:/Users/Opto2/Dropbox/EXP1_USART_RS232/On-Board Tests/usart_rs_232/RS_232_RX_SHIFTER.vhd" sub00/vhpl11 1462999731
EN usart_fifo_out_manager NULL "C:/Users/Opto2/Dropbox/EXP1_USART_RS232/On-Board Tests/usart_rs_232/USART_FIFO_OUT_MANAGER.vhd" sub00/vhpl14 1462999734
AR usart_fifo_out_cpu behavioral "C:/Users/Opto2/Dropbox/EXP1_USART_RS232/On-Board Tests/usart_rs_232/USART_FIFO_OUT_CPU.vhd" sub00/vhpl01 1462999721
AR usart_fifo_in_cpu behavioral "C:/Users/Opto2/Dropbox/EXP1_USART_RS232/On-Board Tests/usart_rs_232/USART_FIFO_IN_CPU.vhd" sub00/vhpl03 1462999723
AR usart_fifos_tm behavioral "C:/Users/Opto2/Dropbox/EXP1_USART_RS232/On-Board Tests/usart_rs_232/USART_FIFOS_TM.vhd" sub00/vhpl30 1462999750
EN rs_232_rx NULL "C:/Users/Opto2/Dropbox/EXP1_USART_RS232/On-Board Tests/usart_rs_232/RS_232_RX.vhd" sub00/vhpl16 1462999736
EN okhost NULL "C:/Users/Opto2/Dropbox/EXP1_USART_RS232/On-Board Tests/usart_rs_232/okLibrary.vhd" sub00/vhpl20 1462999740
AR rs_232_tx behavioral "C:/Users/Opto2/Dropbox/EXP1_USART_RS232/On-Board Tests/usart_rs_232/RS_232_TX.vhd" sub00/vhpl19 1462999739
EN rs_232_rx_shifter NULL "C:/Users/Opto2/Dropbox/EXP1_USART_RS232/On-Board Tests/usart_rs_232/RS_232_RX_SHIFTER.vhd" sub00/vhpl10 1462999730
EN usart_manager_tm NULL "C:/Users/Opto2/Dropbox/EXP1_USART_RS232/On-Board Tests/usart_rs_232/USART_MANAGER_TM.vhd" sub00/vhpl27 1462999747
EN rs_232_tx NULL "C:/Users/Opto2/Dropbox/EXP1_USART_RS232/On-Board Tests/usart_rs_232/RS_232_TX.vhd" sub00/vhpl18 1462999738
AR okwireor archwireor "C:/Users/Opto2/Dropbox/EXP1_USART_RS232/On-Board Tests/usart_rs_232/okLibrary.vhd" sub00/vhpl23 1462999743
EN usart_opalkelly_interface NULL "C:/Users/Opto2/Dropbox/EXP1_USART_RS232/On-Board Tests/usart_rs_232/USART_OPALKELLY_INTERFACE.vhd" sub00/vhpl25 1462999745
AR rs_232_tx_shifter behavioral "C:/Users/Opto2/Dropbox/EXP1_USART_RS232/On-Board Tests/usart_rs_232/RS_232_TX_SHIFTER.vhd" sub00/vhpl07 1462999727
EN usart_fifos_tm NULL "C:/Users/Opto2/Dropbox/EXP1_USART_RS232/On-Board Tests/usart_rs_232/USART_FIFOS_TM.vhd" sub00/vhpl29 1462999749
AR rs_232_rx behavioral "C:/Users/Opto2/Dropbox/EXP1_USART_RS232/On-Board Tests/usart_rs_232/RS_232_RX.vhd" sub00/vhpl17 1462999737
AR usart_fifo_in_manager behavioral "C:/Users/Opto2/Dropbox/EXP1_USART_RS232/On-Board Tests/usart_rs_232/USART_FIFO_IN_MANAGER.vhd" sub00/vhpl13 1462999733
EN usart_fifo_in_cpu NULL "C:/Users/Opto2/Dropbox/EXP1_USART_RS232/On-Board Tests/usart_rs_232/USART_FIFO_IN_CPU.vhd" sub00/vhpl02 1462999722
AR usart_manager_tm behavioral "C:/Users/Opto2/Dropbox/EXP1_USART_RS232/On-Board Tests/usart_rs_232/USART_MANAGER_TM.vhd" sub00/vhpl28 1462999748
AR usart_fifo_out_manager behavioral "C:/Users/Opto2/Dropbox/EXP1_USART_RS232/On-Board Tests/usart_rs_232/USART_FIFO_OUT_MANAGER.vhd" sub00/vhpl15 1462999735
AR okhost archhost "C:/Users/Opto2/Dropbox/EXP1_USART_RS232/On-Board Tests/usart_rs_232/okLibrary.vhd" sub00/vhpl21 1462999741
AR usart_opalkelly_interface behavioral "C:/Users/Opto2/Dropbox/EXP1_USART_RS232/On-Board Tests/usart_rs_232/USART_OPALKELLY_INTERFACE.vhd" sub00/vhpl26 1462999746
AR tx_counters behavioral "C:/Users/Opto2/Dropbox/EXP1_USART_RS232/On-Board Tests/usart_rs_232/TX_COUNTERS.vhd" sub00/vhpl05 1462999725
EN rx_counters NULL "C:/Users/Opto2/Dropbox/EXP1_USART_RS232/On-Board Tests/usart_rs_232/RX_COUNTERS.vhd" sub00/vhpl08 1462999728
EN usart_fifos_manager_tm NULL "C:/Users/Opto2/Dropbox/EXP1_USART_RS232/On-Board Tests/usart_rs_232/USART_FIFOS_MANAGER_TM.vhd" sub00/vhpl31 1462999751
EN rs_232_tx_shifter NULL "C:/Users/Opto2/Dropbox/EXP1_USART_RS232/On-Board Tests/usart_rs_232/RS_232_TX_SHIFTER.vhd" sub00/vhpl06 1462999726
EN usart_fifo_in_manager NULL "C:/Users/Opto2/Dropbox/EXP1_USART_RS232/On-Board Tests/usart_rs_232/USART_FIFO_IN_MANAGER.vhd" sub00/vhpl12 1462999732
EN okwireor NULL "C:/Users/Opto2/Dropbox/EXP1_USART_RS232/On-Board Tests/usart_rs_232/okLibrary.vhd" sub00/vhpl22 1462999742
EN usart_fifo_out_cpu NULL "C:/Users/Opto2/Dropbox/EXP1_USART_RS232/On-Board Tests/usart_rs_232/USART_FIFO_OUT_CPU.vhd" sub00/vhpl00 1462999720
EN tx_counters NULL "C:/Users/Opto2/Dropbox/EXP1_USART_RS232/On-Board Tests/usart_rs_232/TX_COUNTERS.vhd" sub00/vhpl04 1462999724
AR rx_counters behavioral "C:/Users/Opto2/Dropbox/EXP1_USART_RS232/On-Board Tests/usart_rs_232/RX_COUNTERS.vhd" sub00/vhpl09 1462999729
PH frontpanel NULL "C:/Users/Opto2/Dropbox/EXP1_USART_RS232/On-Board Tests/usart_rs_232/okLibrary.vhd" sub00/vhpl24 1462999744
AR usart_fifos_manager_tm behavioral "C:/Users/Opto2/Dropbox/EXP1_USART_RS232/On-Board Tests/usart_rs_232/USART_FIFOS_MANAGER_TM.vhd" sub00/vhpl32 1462999752
