V3 86
FL "C:/Users/Opto2/Dropbox/EXP1_USART_RS232/On-Board Tests/usart_rs_232/okLibrary.vhd" 2011/05/05.00:16:50 P.58f
EN work/okHost 1462999740 \
      FL "C:/Users/Opto2/Dropbox/EXP1_USART_RS232/On-Board Tests/usart_rs_232/okLibrary.vhd" \
      PB ieee/std_logic_1164 1364358218 LB UNISIM PH unisim/VCOMPONENTS 1364358225
AR work/okHost/archHost 1462999741 \
      FL "C:/Users/Opto2/Dropbox/EXP1_USART_RS232/On-Board Tests/usart_rs_232/okLibrary.vhd" \
      EN work/okHost 1462999740 CP BUFGDLL CP IOBUF CP OBUF CP okCore
EN work/okWireOR 1462999742 \
      FL "C:/Users/Opto2/Dropbox/EXP1_USART_RS232/On-Board Tests/usart_rs_232/okLibrary.vhd" \
      PB ieee/std_logic_1164 1364358218
AR work/okWireOR/archWireOR 1462999743 \
      FL "C:/Users/Opto2/Dropbox/EXP1_USART_RS232/On-Board Tests/usart_rs_232/okLibrary.vhd" \
      EN work/okWireOR 1462999742
PH work/FRONTPANEL 1462999744 \
      FL "C:/Users/Opto2/Dropbox/EXP1_USART_RS232/On-Board Tests/usart_rs_232/okLibrary.vhd" \
      PB ieee/std_logic_1164 1364358218 CD okHost CD okWireIn CD okWireOut \
      CD okTriggerIn CD okTriggerOut CD okPipeIn CD okPipeOut CD okBTPipeIn \
      CD okBTPipeOut CD okWireOR
FL "C:/Users/Opto2/Dropbox/EXP1_USART_RS232/On-Board Tests/usart_rs_232/RS_232_RX.vhd" 2015/03/06.18:33:12 P.58f
EN work/RS_232_RX 1462999736 \
      FL "C:/Users/Opto2/Dropbox/EXP1_USART_RS232/On-Board Tests/usart_rs_232/RS_232_RX.vhd" \
      PB ieee/std_logic_1164 1364358218 PB ieee/std_logic_arith 1364358219 \
      PB ieee/STD_LOGIC_UNSIGNED 1364358221
AR work/RS_232_RX/Behavioral 1462999737 \
      FL "C:/Users/Opto2/Dropbox/EXP1_USART_RS232/On-Board Tests/usart_rs_232/RS_232_RX.vhd" \
      EN work/RS_232_RX 1462999736 CP RX_COUNTERS CP RS_232_RX_SHIFTER
FL "C:/Users/Opto2/Dropbox/EXP1_USART_RS232/On-Board Tests/usart_rs_232/RS_232_RX_SHIFTER.vhd" 2015/02/24.18:34:18 P.58f
EN work/RS_232_RX_SHIFTER 1462999730 \
      FL "C:/Users/Opto2/Dropbox/EXP1_USART_RS232/On-Board Tests/usart_rs_232/RS_232_RX_SHIFTER.vhd" \
      PB ieee/std_logic_1164 1364358218 PB ieee/std_logic_arith 1364358219 \
      PB ieee/STD_LOGIC_UNSIGNED 1364358221
AR work/RS_232_RX_SHIFTER/Behavioral 1462999731 \
      FL "C:/Users/Opto2/Dropbox/EXP1_USART_RS232/On-Board Tests/usart_rs_232/RS_232_RX_SHIFTER.vhd" \
      EN work/RS_232_RX_SHIFTER 1462999730
FL "C:/Users/Opto2/Dropbox/EXP1_USART_RS232/On-Board Tests/usart_rs_232/RS_232_TX.vhd" 2015/03/06.18:33:38 P.58f
EN work/RS_232_TX 1462999738 \
      FL "C:/Users/Opto2/Dropbox/EXP1_USART_RS232/On-Board Tests/usart_rs_232/RS_232_TX.vhd" \
      PB ieee/std_logic_1164 1364358218 PB ieee/std_logic_arith 1364358219 \
      PB ieee/STD_LOGIC_UNSIGNED 1364358221
AR work/RS_232_TX/Behavioral 1462999739 \
      FL "C:/Users/Opto2/Dropbox/EXP1_USART_RS232/On-Board Tests/usart_rs_232/RS_232_TX.vhd" \
      EN work/RS_232_TX 1462999738 CP TX_COUNTERS CP RS_232_TX_SHIFTER
FL "C:/Users/Opto2/Dropbox/EXP1_USART_RS232/On-Board Tests/usart_rs_232/RS_232_TX_SHIFTER.vhd" 2015/03/04.13:56:18 P.58f
EN work/RS_232_TX_SHIFTER 1462999726 \
      FL "C:/Users/Opto2/Dropbox/EXP1_USART_RS232/On-Board Tests/usart_rs_232/RS_232_TX_SHIFTER.vhd" \
      PB ieee/std_logic_1164 1364358218 PB ieee/std_logic_arith 1364358219 \
      PB ieee/STD_LOGIC_UNSIGNED 1364358221
AR work/RS_232_TX_SHIFTER/Behavioral 1462999727 \
      FL "C:/Users/Opto2/Dropbox/EXP1_USART_RS232/On-Board Tests/usart_rs_232/RS_232_TX_SHIFTER.vhd" \
      EN work/RS_232_TX_SHIFTER 1462999726
FL "C:/Users/Opto2/Dropbox/EXP1_USART_RS232/On-Board Tests/usart_rs_232/RX_COUNTERS.vhd" 2015/03/06.18:33:22 P.58f
EN work/RX_COUNTERS 1462999728 \
      FL "C:/Users/Opto2/Dropbox/EXP1_USART_RS232/On-Board Tests/usart_rs_232/RX_COUNTERS.vhd" \
      PB ieee/std_logic_1164 1364358218 PB ieee/std_logic_arith 1364358219 \
      PB ieee/STD_LOGIC_UNSIGNED 1364358221
AR work/RX_COUNTERS/Behavioral 1462999729 \
      FL "C:/Users/Opto2/Dropbox/EXP1_USART_RS232/On-Board Tests/usart_rs_232/RX_COUNTERS.vhd" \
      EN work/RX_COUNTERS 1462999728
FL "C:/Users/Opto2/Dropbox/EXP1_USART_RS232/On-Board Tests/usart_rs_232/TX_COUNTERS.vhd" 2015/03/05.20:54:36 P.58f
EN work/TX_COUNTERS 1462999724 \
      FL "C:/Users/Opto2/Dropbox/EXP1_USART_RS232/On-Board Tests/usart_rs_232/TX_COUNTERS.vhd" \
      PB ieee/std_logic_1164 1364358218 PB ieee/std_logic_arith 1364358219 \
      PB ieee/STD_LOGIC_UNSIGNED 1364358221
AR work/TX_COUNTERS/Behavioral 1462999725 \
      FL "C:/Users/Opto2/Dropbox/EXP1_USART_RS232/On-Board Tests/usart_rs_232/TX_COUNTERS.vhd" \
      EN work/TX_COUNTERS 1462999724
FL "C:/Users/Opto2/Dropbox/EXP1_USART_RS232/On-Board Tests/usart_rs_232/USART_FIFOS_MANAGER_TM.vhd" 2015/03/09.13:35:50 P.58f
EN work/USART_FIFOS_MANAGER_TM 1462999751 \
      FL "C:/Users/Opto2/Dropbox/EXP1_USART_RS232/On-Board Tests/usart_rs_232/USART_FIFOS_MANAGER_TM.vhd" \
      PB ieee/std_logic_1164 1364358218 PB ieee/std_logic_arith 1364358219 \
      PB ieee/STD_LOGIC_UNSIGNED 1364358221
AR work/USART_FIFOS_MANAGER_TM/Behavioral 1462999752 \
      FL "C:/Users/Opto2/Dropbox/EXP1_USART_RS232/On-Board Tests/usart_rs_232/USART_FIFOS_MANAGER_TM.vhd" \
      EN work/USART_FIFOS_MANAGER_TM 1462999751 CP USART_OPALKELLY_INTERFACE \
      CP USART_MANAGER_TM CP USART_FIFOS_TM
FL "C:/Users/Opto2/Dropbox/EXP1_USART_RS232/On-Board Tests/usart_rs_232/USART_FIFOS_TM.vhd" 2015/03/04.13:35:34 P.58f
EN work/USART_FIFOS_TM 1462999749 \
      FL "C:/Users/Opto2/Dropbox/EXP1_USART_RS232/On-Board Tests/usart_rs_232/USART_FIFOS_TM.vhd" \
      PB ieee/std_logic_1164 1364358218 PB ieee/std_logic_arith 1364358219 \
      PB ieee/STD_LOGIC_UNSIGNED 1364358221
AR work/USART_FIFOS_TM/Behavioral 1462999750 \
      FL "C:/Users/Opto2/Dropbox/EXP1_USART_RS232/On-Board Tests/usart_rs_232/USART_FIFOS_TM.vhd" \
      EN work/USART_FIFOS_TM 1462999749 CP USART_FIFO_IN_MANAGER \
      CP USART_FIFO_OUT_MANAGER
FL "C:/Users/Opto2/Dropbox/EXP1_USART_RS232/On-Board Tests/usart_rs_232/USART_FIFO_IN_CPU.vhd" 2015/03/06.21:10:06 P.58f
EN work/USART_FIFO_IN_CPU 1462999722 \
      FL "C:/Users/Opto2/Dropbox/EXP1_USART_RS232/On-Board Tests/usart_rs_232/USART_FIFO_IN_CPU.vhd" \
      PB ieee/std_logic_1164 1364358218 PB ieee/std_logic_arith 1364358219 \
      PB ieee/STD_LOGIC_UNSIGNED 1364358221
AR work/USART_FIFO_IN_CPU/Behavioral 1462999723 \
      FL "C:/Users/Opto2/Dropbox/EXP1_USART_RS232/On-Board Tests/usart_rs_232/USART_FIFO_IN_CPU.vhd" \
      EN work/USART_FIFO_IN_CPU 1462999722
FL "C:/Users/Opto2/Dropbox/EXP1_USART_RS232/On-Board Tests/usart_rs_232/USART_FIFO_IN_MANAGER.vhd" 2015/03/06.22:28:42 P.58f
EN work/USART_FIFO_IN_MANAGER 1462999732 \
      FL "C:/Users/Opto2/Dropbox/EXP1_USART_RS232/On-Board Tests/usart_rs_232/USART_FIFO_IN_MANAGER.vhd" \
      PB ieee/std_logic_1164 1364358218 PB ieee/std_logic_arith 1364358219 \
      PB ieee/STD_LOGIC_UNSIGNED 1364358221
AR work/USART_FIFO_IN_MANAGER/Behavioral 1462999733 \
      FL "C:/Users/Opto2/Dropbox/EXP1_USART_RS232/On-Board Tests/usart_rs_232/USART_FIFO_IN_MANAGER.vhd" \
      EN work/USART_FIFO_IN_MANAGER 1462999732 CP USART_FIFO_IN_CPU \
      CP FIFO_IN_16W_8R_1024D
FL "C:/Users/Opto2/Dropbox/EXP1_USART_RS232/On-Board Tests/usart_rs_232/USART_FIFO_OUT_CPU.vhd" 2015/03/07.01:15:50 P.58f
EN work/USART_FIFO_OUT_CPU 1462999720 \
      FL "C:/Users/Opto2/Dropbox/EXP1_USART_RS232/On-Board Tests/usart_rs_232/USART_FIFO_OUT_CPU.vhd" \
      PB ieee/std_logic_1164 1364358218 PB ieee/std_logic_arith 1364358219 \
      PB ieee/STD_LOGIC_UNSIGNED 1364358221
AR work/USART_FIFO_OUT_CPU/Behavioral 1462999721 \
      FL "C:/Users/Opto2/Dropbox/EXP1_USART_RS232/On-Board Tests/usart_rs_232/USART_FIFO_OUT_CPU.vhd" \
      EN work/USART_FIFO_OUT_CPU 1462999720
FL "C:/Users/Opto2/Dropbox/EXP1_USART_RS232/On-Board Tests/usart_rs_232/USART_FIFO_OUT_MANAGER.vhd" 2015/03/04.13:24:06 P.58f
EN work/USART_FIFO_OUT_MANAGER 1462999734 \
      FL "C:/Users/Opto2/Dropbox/EXP1_USART_RS232/On-Board Tests/usart_rs_232/USART_FIFO_OUT_MANAGER.vhd" \
      PB ieee/std_logic_1164 1364358218 PB ieee/std_logic_arith 1364358219 \
      PB ieee/STD_LOGIC_UNSIGNED 1364358221
AR work/USART_FIFO_OUT_MANAGER/Behavioral 1462999735 \
      FL "C:/Users/Opto2/Dropbox/EXP1_USART_RS232/On-Board Tests/usart_rs_232/USART_FIFO_OUT_MANAGER.vhd" \
      EN work/USART_FIFO_OUT_MANAGER 1462999734 CP USART_FIFO_OUT_CPU \
      CP FIFO_OUT_8W_16R_1024D
FL "C:/Users/Opto2/Dropbox/EXP1_USART_RS232/On-Board Tests/usart_rs_232/USART_MANAGER_TM.vhd" 2015/03/06.18:32:58 P.58f
EN work/USART_MANAGER_TM 1462999747 \
      FL "C:/Users/Opto2/Dropbox/EXP1_USART_RS232/On-Board Tests/usart_rs_232/USART_MANAGER_TM.vhd" \
      PB ieee/std_logic_1164 1364358218 PB ieee/std_logic_arith 1364358219 \
      PB ieee/STD_LOGIC_UNSIGNED 1364358221
AR work/USART_MANAGER_TM/Behavioral 1462999748 \
      FL "C:/Users/Opto2/Dropbox/EXP1_USART_RS232/On-Board Tests/usart_rs_232/USART_MANAGER_TM.vhd" \
      EN work/USART_MANAGER_TM 1462999747 CP RS_232_RX CP RS_232_TX
FL "C:/Users/Opto2/Dropbox/EXP1_USART_RS232/On-Board Tests/usart_rs_232/USART_OPALKELLY_INTERFACE.vhd" 2015/09/24.20:34:54 P.58f
EN work/USART_OPALKELLY_INTERFACE 1462999745 \
      FL "C:/Users/Opto2/Dropbox/EXP1_USART_RS232/On-Board Tests/usart_rs_232/USART_OPALKELLY_INTERFACE.vhd" \
      PB ieee/std_logic_1164 1364358218 PB ieee/std_logic_arith 1364358219 \
      PB ieee/STD_LOGIC_UNSIGNED 1364358221
AR work/USART_OPALKELLY_INTERFACE/Behavioral 1462999746 \
      FL "C:/Users/Opto2/Dropbox/EXP1_USART_RS232/On-Board Tests/usart_rs_232/USART_OPALKELLY_INTERFACE.vhd" \
      EN work/USART_OPALKELLY_INTERFACE 1462999745 CP okHost CP okWireIn \
      CP okTriggerIn CP okPipeIn CP okPipeOut CP okTriggerOut CP okWireOut \
      CP okWireOR
